
> dragon-game-park@0.0.0 build
> npm run verify:english-audio && tsc -b && vite build


> dragon-game-park@0.0.0 verify:english-audio
> node scripts/verify-english-quest-audio.mjs

Verified 100 Kokoro audio files and hashes.
vite v8.1.0 building client environment for production...
[2K
transforming...✓ 546 modules transformed.
rendering chunks...
computing gzip size...
dist/index.html                                  1.07 kB │ gzip:   0.59 kB
dist/assets/joy-qTO5jT_1.webp                    8.06 kB
dist/assets/smug-CVg38OsH.webp                   8.10 kB
dist/assets/scared-L0ZpKCWb.webp                 8.15 kB
dist/assets/angry-Bqqgyswp.webp                  8.35 kB
dist/assets/laughing-hRWnA2pY.webp               8.38 kB
dist/assets/crying-CgG7kodn.webp                 8.54 kB
dist/assets/smug-CWCbCdld.webp                  10.76 kB
dist/assets/laughing-Dlz0K5q1.webp              10.77 kB
dist/assets/smug-DK3YRJwF.webp                  10.79 kB
dist/assets/smug-4d6r5g_Z.webp                  10.82 kB
dist/assets/angry-rR9qZSow.webp                 10.87 kB
dist/assets/laughing-CT4O8nCY.webp              10.88 kB
dist/assets/scared-BrZi7nBA.webp                10.92 kB
dist/assets/joy-ppfx24aQ.webp                   11.05 kB
dist/assets/laughing-C1Y57qjR.webp              11.08 kB
dist/assets/joy-FoMlk0gr.webp                   11.13 kB
dist/assets/crying-Ss73_2ak.webp                11.17 kB
dist/assets/angry-DcNCtu5-.webp                 11.18 kB
dist/assets/crying-luaHEZPc.webp                11.26 kB
dist/assets/angry-BzRoMAWp.webp                 11.32 kB
dist/assets/crying-BELq9-Xu.webp                11.47 kB
dist/assets/scared-BKW5BEOI.webp                11.52 kB
dist/assets/scared-trCTWxIy.webp                11.63 kB
dist/assets/smug-BA-8v4H3.webp                  11.75 kB
dist/assets/angry-CSLw9NwH.webp                 11.94 kB
dist/assets/joy-B1PtbCcZ.webp                   11.97 kB
dist/assets/laughing-Cs5Kq8Lf.webp              12.07 kB
dist/assets/scared-BBVR2dqa.webp                12.15 kB
dist/assets/crying-CMoogKyS.webp                12.16 kB
dist/assets/joy-CrDWzgOW.webp                   13.52 kB
dist/assets/bakuretsuCpu.worker-CXWjugFO.js     14.30 kB
dist/assets/lv4-pressure-DRbc0od3.webp          58.67 kB
dist/assets/lv4-defeat-KFfbEn-U.webp            60.94 kB
dist/assets/lv4-victory-C5eimRZJ.webp           62.76 kB
dist/assets/lv4-attack-CLoTKywo.webp            65.35 kB
dist/assets/lv1-defeat-KM3yOrpl.webp            74.34 kB
dist/assets/lv1-pressure-DA2T_I1j.webp          74.75 kB
dist/assets/lv2-defeat-BRC7-NCY.webp            76.24 kB
dist/assets/lv1-victory--InWHlnl.webp           76.54 kB
dist/assets/lv1-attack-DwNiMCcp.webp            77.58 kB
dist/assets/lv3-defeat-xnQ9hfix.webp            80.71 kB
dist/assets/lv2-pressure-hVWaBMAT.webp          82.04 kB
dist/assets/lv3-victory-iAednl04.webp           83.09 kB
dist/assets/lv2-attack-gcG9EV-W.webp            84.85 kB
dist/assets/lv2-victory-B9JBmbjH.webp           85.48 kB
dist/assets/lv3-pressure-C2OdsaBV.webp          85.81 kB
dist/assets/lv5-defeat-BcKXpJhD.webp            86.42 kB
dist/assets/lv3-attack-yw0UeWBd.webp            90.24 kB
dist/assets/lv5-attack-MWsFYSee.webp            92.84 kB
dist/assets/lv5-pressure-CVRonO7Y.webp          94.34 kB
dist/assets/lv5-victory-C7CqoS5B.webp           99.06 kB
dist/assets/reversi-CcLHVbqt.webp              116.04 kB
dist/assets/backgammon-Do0Jdd4Z.webp           124.77 kB
dist/assets/uno-draw-rain-HWte97q-.webp        124.84 kB
dist/assets/mancala-Cnt5mG6k.webp              127.19 kB
dist/assets/babanuki-DUk-Hedl.webp             142.20 kB
dist/assets/bakuretsu-reversi-mWuo-sL7.webp    142.81 kB
dist/assets/uno-counter-BYrh-hk3.webp          143.32 kB
dist/assets/lv4-shuffle-CkWwdaPD.webp          184.45 kB
dist/assets/lv2-shuffle-BFGlK85A.webp          197.89 kB
dist/assets/lv3-shuffle-DXo0Nz6f.webp          200.33 kB
dist/assets/lv1-shuffle-CQ5Wie1f.webp          200.60 kB
dist/assets/lv3-counter-D5aLpokF.webp          204.39 kB
dist/assets/lv4-counter-DNIXDtOh.webp          209.82 kB
dist/assets/lv2-counter-Dg_Wy2c4.webp          211.16 kB
dist/assets/lv5-counter-BLDvfEYn.webp          215.78 kB
dist/assets/lv1-counter-BzTUWT5Y.webp          216.88 kB
dist/assets/lv5-shuffle-C6RSg8hB.webp          217.46 kB
dist/assets/pressure-B_PJszOe.webp             611.54 kB
dist/assets/pressure-fmOG-dRh.webp             616.89 kB
dist/assets/defeat-usiNo7Ae.webp               629.19 kB
dist/assets/victory-CZDnahm-.webp              634.72 kB
dist/assets/defeat-C3z6zgFk.webp               645.22 kB
dist/assets/attack-CDy5fjVD.webp               650.84 kB
dist/assets/victory-l3v8Q6-p.webp              674.26 kB
dist/assets/defeat-BJBeJSq9.webp               680.86 kB
dist/assets/attack-tU3QhCmE.webp               698.36 kB
dist/assets/victory-Do1yzLT9.webp              702.72 kB
dist/assets/defeat-BPtX0eui.webp               709.01 kB
dist/assets/defeat-PXFVL23b.webp               712.19 kB
dist/assets/pressure-B9hO1Y5n.webp             736.37 kB
dist/assets/pressure-THHS-2xk.webp             740.66 kB
dist/assets/victory-CLOWw79s.webp              750.02 kB
dist/assets/attack-CVXCX_Vo.webp               774.13 kB
dist/assets/attack-fAmXwWM8.webp               776.48 kB
dist/assets/pressure-DBuzHz6S.webp             782.07 kB
dist/assets/attack-BwAv4ByM.webp               786.60 kB
dist/assets/victory-hYZx6TaF.webp              814.85 kB
dist/assets/corner-capture-DTExu-pq.png      2,604.66 kB
dist/assets/grand-flip-DOlAWlYq.png          2,860.85 kB
dist/assets/ReversiPage-CHK2C7C3.css             1.56 kB │ gzip:   0.61 kB
dist/assets/index-GkCinQ1v.css                 107.03 kB │ gzip:  23.31 kB
dist/assets/ReversiPage-b0E_-RnY.js             89.34 kB │ gzip:  27.47 kB
dist/assets/index-BG7_0lDD.js                  872.31 kB │ gzip: 253.40 kB

✓ built in 2.50s
[plugin builtin:vite-reporter]
(!) Some chunks are larger than 500 kB after minification. Consider:
- Using dynamic import() to code-split the application
- Use build.rolldownOptions.output.codeSplitting to improve chunking: https://rolldown.rs/reference/OutputOptions.codeSplitting
- Adjust chunk size limit for this warning via build.chunkSizeWarningLimit.
